GET / HTTP/1.1
Random-header1:      salut      
Random-header2:                 salut                  
Random-header3:salut
Random-header4:salut          
Random-header5:           salut


